<html>
<body>
<pre>
<h1>µVision Build Log</h1>
<h2>Project:</h2>
C:\Keil\Labware\Lab12_TuningFork\Lab12.uvproj
Project File Date:  08/31/2014

<h2>Output:</h2>
Rebuild target 'Lab12'
assembling startup.s...
compiling TuningFork.c...
linking...
Program Size: Code=5456 RO-data=7336 RW-data=80 ZI-data=1752  
".\Lab12.axf" - 0 Error(s), 0 Warning(s).
Load "C:\\Keil\\Labware\\Lab12_TuningFork\\Lab12.axf" 
Connecting: Mode=JTAG, Speed=1000000Hz
Erase Done.
Programming Done.
Verify OK.
</pre>
</body>
</html>
 #169: expected a declaration
  }
TuningFork.c: 1 warning, 3 errors
".\Lab12.axf" - 3 Error(s), 1 Warning(s).
Target not created
