<html>
<body>
<pre>
<h1>µVision Build Log</h1>
<h2>Project:</h2>
C:\Users\danielg\Dropbox\Programming\ArmM4\Github\Lab6_BranchingFunctionsDelays\Lab6.uvproj
Project File Date:  08/27/2014

<h2>Output:</h2>
Build target 'Lab6'
assembling startup.s...
compiling BranchingFunctionsDelays.c...
BranchingFunctionsDelays.c(53): warning:  #550-D: variable "delay" was set but never used
        unsigned long delay;            
BranchingFunctionsDelays.c: 1 warning, 0 errors
linking...
Program Size: Code=3756 RO-data=5996 RW-data=56 ZI-data=1752  
".\Lab6.axf" - 0 Error(s), 1 Warning(s).
</pre>
</body>
</html>
